Bob,0987654321,456 Elm St
Alice,1234567890,123 Main St
